  ▲ Next.js 14.2.35
  - Environments: .env

   Creating an optimized production build ...
 ✓ Compiled successfully
   Linting and checking validity of types ...
   Collecting page data ...
   Generating static pages (0/33) ...
   Generating static pages (8/33) 
   Generating static pages (16/33) 
   Generating static pages (24/33) 
 ✓ Generating static pages (33/33)
